2025-08-13 14:46:17,114 - crawler.browser_controller - INFO - Starting browser...
2025-08-13 14:46:17,385 - crawler.browser_controller - INFO - Browser started successfully
2025-08-13 14:46:17,385 - __main__ - INFO - Starting enhanced crawl with attachments from page 1
2025-08-13 14:46:17,385 - crawler.browser_controller - INFO - Navigating to: https://www.scourt.go.kr/portal/notice/realestate/RealNoticeList.work
2025-08-13 14:46:20,707 - crawler.enhanced_pagination_handler - INFO - Starting enhanced crawl from page 1
2025-08-13 14:46:20,708 - crawler.enhanced_pagination_handler - INFO - Attachment downloading is enabled
2025-08-13 14:46:20,708 - crawler.browser_controller - INFO - Navigating to page 1
2025-08-13 14:46:23,496 - crawler.data_extractor - INFO - Extracted 10 auction items from page 1
2025-08-13 14:46:23,496 - crawler.browser_controller - INFO - Navigating to detail page
2025-08-13 14:46:23,500 - crawler.browser_controller - INFO - Clicking detail link: '파산재단 재고자산 일괄매각 공고'
2025-08-13 14:46:26,162 - crawler.detail_extractor - INFO - Extracted detail data for notice 405
2025-08-13 14:46:26,188 - crawler.attachment_downloader - INFO - Found 2 attachments for notice 405
2025-08-13 14:46:27,426 - crawler.attachment_downloader - INFO - Downloaded: 01_2024하합101142 자산매각공고문.pdf
2025-08-13 14:46:28,435 - crawler.attachment_downloader - ERROR - Error downloading direct file: Page.goto: net::ERR_ABORTED at javascript:download('1755053195893_114635.pdf','2024%ED%95%98%ED%95%A9101142 %EC%9E%90%EC%82%B0%EB%A7%A4%EA%B0%81%EA%B3%B5%EA%B3%A0%EB%AC%B8.pdf')
Call log:
  - navigating to "javascript:download('1755053195893_114635.pdf','2024%ED%95%98%ED%95%A9101142 %EC%9E%90%EC%82%B0%EB%A7%A4%EA%B0%81%EA%B3%B5%EA%B3%A0%EB%AC%B8.pdf')", waiting until "load"

2025-08-13 14:46:28,435 - crawler.browser_controller - INFO - Going back to list page
2025-08-13 14:46:28,440 - crawler.browser_controller - ERROR - Failed to go back to list page: Page.go_back: net::ERR_ABORTED; maybe frame was detached?
Call log:
  - waiting for navigation until "load"

2025-08-13 14:46:28,440 - crawler.browser_controller - INFO - Navigating to detail page
2025-08-13 14:46:28,441 - crawler.browser_controller - ERROR - Failed to navigate to detail page: Page.query_selector: Execution context was destroyed, most likely because of a navigation
2025-08-13 14:46:28,441 - crawler.enhanced_pagination_handler - WARNING - Failed to navigate to detail page for notice 404
2025-08-13 14:46:28,442 - crawler.browser_controller - INFO - Navigating to detail page
2025-08-13 14:46:28,506 - crawler.browser_controller - INFO - Clicking detail link: '파산재단 자산 매각(포기) 공고'
2025-08-13 14:46:31,132 - crawler.detail_extractor - INFO - Extracted detail data for notice 403
2025-08-13 14:46:31,152 - crawler.attachment_downloader - INFO - Found 2 attachments for notice 403
2025-08-13 14:46:32,307 - crawler.attachment_downloader - INFO - Downloaded: 01_2024하합101100 자산 매각(포기) 공고문_.pdf
2025-08-13 14:46:33,315 - crawler.attachment_downloader - ERROR - Error downloading direct file: Page.goto: net::ERR_ABORTED at javascript:download('1755052081941_112801.pdf','2024%ED%95%98%ED%95%A9101100 %EC%9E%90%EC%82%B0 %EB%A7%A4%EA%B0%81(%ED%8F%AC%EA%B8%B0) %EA%B3%B5%EA%B3%A0%EB%AC%B8_.pdf')
Call log:
  - navigating to "javascript:download('1755052081941_112801.pdf','2024%ED%95%98%ED%95%A9101100 %EC%9E%90%EC%82%B0 %EB%A7%A4%EA%B0%81(%ED%8F%AC%EA%B8%B0) %EA%B3%B5%EA%B3%A0%EB%AC%B8_.pdf')", waiting until "load"

2025-08-13 14:46:33,315 - crawler.browser_controller - INFO - Going back to list page
2025-08-13 14:46:33,318 - crawler.browser_controller - ERROR - Failed to go back to list page: Page.go_back: net::ERR_ABORTED; maybe frame was detached?
Call log:
  - waiting for navigation until "load"

2025-08-13 14:46:33,318 - crawler.browser_controller - INFO - Navigating to detail page
2025-08-13 14:46:33,319 - crawler.browser_controller - ERROR - Failed to navigate to detail page: Page.query_selector: Execution context was destroyed, most likely because of a navigation
2025-08-13 14:46:33,319 - crawler.enhanced_pagination_handler - WARNING - Failed to navigate to detail page for notice 402
2025-08-13 14:46:33,319 - crawler.browser_controller - INFO - Navigating to detail page
2025-08-13 14:46:33,386 - crawler.browser_controller - INFO - Clicking detail link: '자산(PC 등) 매각 공고'
2025-08-13 14:46:36,011 - crawler.detail_extractor - INFO - Extracted detail data for notice 401
2025-08-13 14:46:36,018 - crawler.attachment_downloader - INFO - No attachments found for notice 401
2025-08-13 14:46:36,018 - crawler.browser_controller - INFO - Going back to list page
2025-08-13 14:46:38,526 - crawler.browser_controller - INFO - Navigating to detail page
2025-08-13 14:46:38,540 - crawler.browser_controller - WARNING - Detail link not found: /portal/notice/realestate/RealNoticeView.work?pageIndex=1&bub_cd=&searchWord=&searchOption=&seq_id=29882
2025-08-13 14:46:38,540 - crawler.enhanced_pagination_handler - WARNING - Failed to navigate to detail page for notice 400
2025-08-13 14:46:38,540 - crawler.browser_controller - INFO - Navigating to detail page
2025-08-13 14:46:38,542 - crawler.browser_controller - WARNING - Detail link not found: /portal/notice/realestate/RealNoticeView.work?pageIndex=1&bub_cd=&searchWord=&searchOption=&seq_id=29881
2025-08-13 14:46:38,542 - crawler.enhanced_pagination_handler - WARNING - Failed to navigate to detail page for notice 399
2025-08-13 14:46:38,542 - crawler.browser_controller - INFO - Navigating to detail page
2025-08-13 14:46:38,544 - crawler.browser_controller - WARNING - Detail link not found: /portal/notice/realestate/RealNoticeView.work?pageIndex=1&bub_cd=&searchWord=&searchOption=&seq_id=29880
2025-08-13 14:46:38,544 - crawler.enhanced_pagination_handler - WARNING - Failed to navigate to detail page for notice 398
2025-08-13 14:46:38,544 - crawler.browser_controller - INFO - Navigating to detail page
2025-08-13 14:46:38,546 - crawler.browser_controller - WARNING - Detail link not found: /portal/notice/realestate/RealNoticeView.work?pageIndex=1&bub_cd=&searchWord=&searchOption=&seq_id=29879
2025-08-13 14:46:38,546 - crawler.enhanced_pagination_handler - WARNING - Failed to navigate to detail page for notice 397
2025-08-13 14:46:38,546 - crawler.browser_controller - INFO - Navigating to detail page
2025-08-13 14:46:38,548 - crawler.browser_controller - WARNING - Detail link not found: /portal/notice/realestate/RealNoticeView.work?pageIndex=1&bub_cd=&searchWord=&searchOption=&seq_id=29878
2025-08-13 14:46:38,548 - crawler.enhanced_pagination_handler - WARNING - Failed to navigate to detail page for notice 396
2025-08-13 14:46:38,548 - crawler.enhanced_pagination_handler - INFO - Processed 10 notices on page 1
2025-08-13 14:46:39,549 - crawler.enhanced_pagination_handler - INFO - Reached maximum pages limit (1)
2025-08-13 14:46:39,549 - crawler.enhanced_pagination_handler - INFO - Enhanced crawling completed: {'total_notices': 10, 'total_pages_crawled': 1, 'notices_with_attachments': 2, 'total_attachments_downloaded': 2, 'attachment_download_enabled': True, 'total_notices_processed': 3, 'total_download_errors': 0, 'total_size_bytes': 680823, 'total_size_mb': 0.65, 'notices_without_attachments': 1}
2025-08-13 14:46:39,554 - crawler.data_storage - INFO - Saved CSV file: output/bankruptcy_auctions_20250813_144639_enhanced_pages_1+.csv
2025-08-13 14:46:39,555 - crawler.data_storage - INFO - Saved summary file: output/bankruptcy_auctions_20250813_144639_enhanced_pages_1+_summary.txt
2025-08-13 14:46:39,555 - crawler.data_storage - INFO - Successfully saved 10 records to 2 files
2025-08-13 14:46:39,555 - __main__ - INFO - Enhanced crawl completed: 10 notices in 0:00:22.170081
2025-08-13 14:46:39,556 - __main__ - INFO - Downloaded attachments for 2 notices
2025-08-13 14:46:39,590 - crawler.browser_controller - INFO - Browser closed successfully
